TAP version 13
# Subtest: renewals distinguish inherited, non-inherited and explicitly cleared values without changing the original
ok 1 - renewals distinguish inherited, non-inherited and explicitly cleared values without changing the original
  ---
  duration_ms: 115.426044
  type: 'test'
  ...
# Subtest: new field versions govern only new contract snapshots and archiving latest sealed version never revives older settings
ok 2 - new field versions govern only new contract snapshots and archiving latest sealed version never revives older settings
  ---
  duration_ms: 89.103259
  type: 'test'
  ...
# Subtest: contract fields reject unauthorized IDs, extra values, stale revisions and audit failures atomically
ok 3 - contract fields reject unauthorized IDs, extra values, stale revisions and audit failures atomically
  ---
  duration_ms: 53.545782
  type: 'test'
  ...
# Subtest: scope retains all 48 modules and every task has a unique link and existing module
ok 4 - scope retains all 48 modules and every task has a unique link and existing module
  ---
  duration_ms: 1.504926
  type: 'test'
  ...
# Subtest: publication and technical delivery never count as acceptance
ok 5 - publication and technical delivery never count as acceptance
  ---
  duration_ms: 1.986834
  type: 'test'
  ...
# Subtest: only all criteria with signed evidence count; adding scope changes denominator
ok 6 - only all criteria with signed evidence count; adding scope changes denominator
  ---
  duration_ms: 2.418017
  type: 'test'
  ...
# Subtest: queue changes immediately affect aggregation without dashboard status edits
ok 7 - queue changes immediately affect aggregation without dashboard status edits
  ---
  duration_ms: 1.167325
  type: 'test'
  ...
# Subtest: missing execution evidence does not imply technical completion or awaiting verification
ok 8 - missing execution evidence does not imply technical completion or awaiting verification
  ---
  duration_ms: 1.220475
  type: 'test'
  ...
# Subtest: G1 X01：同一人员从组织岗位到盘点计划、考试学习核验与档案回流，调动后撤销旧组织访问
ok 9 - G1 X01：同一人员从组织岗位到盘点计划、考试学习核验与档案回流，调动后撤销旧组织访问
  ---
  duration_ms: 256.159159
  type: 'test'
  ...
# H002_SC1_INSTANCE {"employeeId":"239642d3-5239-4df1-890d-04a6c891adfc","reviewId":"3bf2c671-aaf1-4889-9550-b116ad327ea1","standardId":"b39ffc4f-36c5-4cc8-81f8-ac1670f91ad7","planId":"d3332b25-7fbe-449c-90f5-21b3849f720e","planReferenceId":"b39ffc4f-36c5-4cc8-81f8-ac1670f91ad7","courseId":"a0439bef-d1a8-4336-b1b7-d4f0c5032ff4","courseReferenceId":"b39ffc4f-36c5-4cc8-81f8-ac1670f91ad7","enrollmentId":"a217c3ec-4aee-4308-8816-5b0bec93e288","enrollmentReferenceId":"a0439bef-d1a8-4336-b1b7-d4f0c5032ff4","enrollmentPlanId":"d3332b25-7fbe-449c-90f5-21b3849f720e"}
# Subtest: P3：标准版本、绩效更正、盘点快照、跨组织与本人评价隔离
ok 10 - P3：标准版本、绩效更正、盘点快照、跨组织与本人评价隔离
  ---
  duration_ms: 568.404721
  type: 'test'
  ...
# Subtest: P3：发展计划—课程—学习成果—独立核验闭环与重复处理保护
ok 11 - P3：发展计划—课程—学习成果—独立核验闭环与重复处理保护
  ---
  duration_ms: 74.55125
  type: 'test'
  ...
# Subtest: P3 附件：受权下载、类型与大小验证、并发清理、删除及数据库失败回滚
ok 12 - P3 附件：受权下载、类型与大小验证、并发清理、删除及数据库失败回滚
  ---
  duration_ms: 52.165764
  type: 'test'
  ...
# Subtest: P3 附件默认保密：员工和审批人不能列出或下载未开放的人事附件
ok 13 - P3 附件默认保密：员工和审批人不能列出或下载未开放的人事附件
  ---
  duration_ms: 24.769206
  type: 'test'
  ...
# Subtest: P3 考试：答案服务端保密、次数限制、自动评分及成果提交门槛
ok 14 - P3 考试：答案服务端保密、次数限制、自动评分及成果提交门槛
  ---
  duration_ms: 46.336639
  type: 'test'
  ...
# Subtest: P3 能力差距：同版本比较，缺失与版本不匹配均为未评定
ok 15 - P3 能力差距：同版本比较，缺失与版本不匹配均为未评定
  ---
  duration_ms: 43.926955
  type: 'test'
  ...
# Subtest: P3 项目化：盘点范围与期间、人才池隔离、培训报名及未结项保护
ok 16 - P3 项目化：盘点范围与期间、人才池隔离、培训报名及未结项保护
  ---
  duration_ms: 60.25054
  type: 'test'
  ...
# Subtest: P3 正式绩效：目标确认、自评、独立评价、发布、盘点使用与结项
ok 17 - P3 正式绩效：目标确认、自评、独立评价、发布、盘点使用与结项
  ---
  duration_ms: 61.583686
  type: 'test'
  ...
# Subtest: P3 招聘入职：独立审批、录用依据、字段权限、人数上限与原子建档
ok 18 - P3 招聘入职：独立审批、录用依据、字段权限、人数上限与原子建档
  ---
  duration_ms: 76.618321
  type: 'test'
  ...
# Subtest: P3 假勤：休息扣除、待批余额占用、撤回释放、独立审批及补卡保留原始记录
ok 19 - P3 假勤：休息扣除、待批余额占用、撤回释放、独立审批及补卡保留原始记录
  ---
  duration_ms: 60.466676
  type: 'test'
  ...
# Subtest: P3 打卡：只接受本人及服务端时间、先上班后下班、防重复
ok 20 - P3 打卡：只接受本人及服务端时间、先上班后下班、防重复
  ---
  duration_ms: 30.637589
  type: 'test'
  ...
# Subtest: P3 薪酬：分级保密、整数金额、编制复核分离、退回重审、发布锁定及历史隔离
ok 21 - P3 薪酬：分级保密、整数金额、编制复核分离、退回重审、发布锁定及历史隔离
  ---
  duration_ms: 89.71167
  type: 'test'
  ...
# Subtest: P3 薪酬：同期间防重复、本人受益与参与编制不得复核、审计失败原子回滚
ok 22 - P3 薪酬：同期间防重复、本人受益与参与编制不得复核、审计失败原子回滚
  ---
  duration_ms: 43.098313
  type: 'test'
  ...
# Subtest: P3 报表：人员范围、字段保密、分页、CSV公式防护及导出审计事务
ok 23 - P3 报表：人员范围、字段保密、分页、CSV公式防护及导出审计事务
  ---
  duration_ms: 181.220017
  type: 'test'
  ...
# Subtest: P3 员工自助：仅本人待办、未完成状态及缺少关联员工的空状态
ok 24 - P3 员工自助：仅本人待办、未完成状态及缺少关联员工的空状态
  ---
  duration_ms: 34.490605
  type: 'test'
  ...
# Subtest: P3 编制：独立审批、版本调整、直接新增和招聘入职共用容量约束
ok 25 - P3 编制：独立审批、版本调整、直接新增和招聘入职共用容量约束
  ---
  duration_ms: 63.310437
  type: 'test'
  ...
# Subtest: P3 合同：草稿保密、签署证明、续签关联、重叠拒绝、独立终止及档案状态不变
ok 26 - P3 合同：草稿保密、签署证明、续签关联、重叠拒绝、独立终止及档案状态不变
  ---
  duration_ms: 68.194688
  type: 'test'
  ...
# Subtest: P3 任职资格：标准版本严格匹配、未评定阻断、独立认证与证据快照不改任职
ok 27 - P3 任职资格：标准版本严格匹配、未评定阻断、独立认证与证据快照不改任职
  ---
  duration_ms: 43.198915
  type: 'test'
  ...
# Subtest: P3 任职资格：HR代办不得自审、跨组织拒绝、停用阻止新申请与撤回
ok 28 - P3 任职资格：HR代办不得自审、跨组织拒绝、停用阻止新申请与撤回
  ---
  duration_ms: 34.847866
  type: 'test'
  ...
# Subtest: P3 实名问卷：版本快照、名单冻结、本人填报、修改撤回及结项锁定
ok 29 - P3 实名问卷：版本快照、名单冻结、本人填报、修改撤回及结项锁定
  ---
  duration_ms: 61.339176
  type: 'test'
  ...
# Subtest: P3 干部：提名独立审议、真实调动前置、任用核对与本人述职独立核验
ok 30 - P3 干部：提名独立审议、真实调动前置、任用核对与本人述职独立核验
  ---
  duration_ms: 51.778949
  type: 'test'
  ...
# Subtest: P3 培训场次：排期冲突、必修出勤门槛、独立核验、补充记录与学习结项
ok 31 - P3 培训场次：排期冲突、必修出勤门槛、独立核验、补充记录与学习结项
  ---
  duration_ms: 70.788695
  type: 'test'
  ...
# Subtest: P3 360：指定评估人、人数阈值、低样本隐藏、冻结后发布及被评人不读取原始答卷
ok 32 - P3 360：指定评估人、人数阈值、低样本隐藏、冻结后发布及被评人不读取原始答卷
  ---
  duration_ms: 96.438312
  type: 'test'
  ...
# Subtest: P3 自定义档案：正式值和申请隔离、字段可见范围、独立复核、类型校验与停用
ok 33 - P3 自定义档案：正式值和申请隔离、字段可见范围、独立复核、类型校验与停用
  ---
  duration_ms: 65.889967
  type: 'test'
  ...
# Subtest: P3 绩效申诉：独立复核、发布分离、原快照保留、最新结果报表和历史隔离
ok 34 - P3 绩效申诉：独立复核、发布分离、原快照保留、最新结果报表和历史隔离
  ---
  duration_ms: 106.133923
  type: 'test'
  ...
# Subtest: P3 工资异议与补差：正负差额、独立复核、发布保密、原工资不变及反向冲减
ok 35 - P3 工资异议与补差：正负差额、独立复核、发布保密、原工资不变及反向冲减
  ---
  duration_ms: 74.775183
  type: 'test'
  ...
# Subtest: P3 薪酬专用角色：编制复核分离、组织范围、核心人事隔离与撤权即时生效
ok 36 - P3 薪酬专用角色：编制复核分离、组织范围、核心人事隔离与撤权即时生效
  ---
  duration_ms: 71.638015
  type: 'test'
  ...
# Subtest: P3 学习学分：课程版本固定、成果核验前置、授予唯一、独立撤销及范围隔离
ok 37 - P3 学习学分：课程版本固定、成果核验前置、授予唯一、独立撤销及范围隔离
  ---
  duration_ms: 64.034582
  type: 'test'
  ...
# Subtest: P3：讲师认证独立复核、组织隔离、课程版本和期限约束、排期快照及撤销
ok 38 - P3：讲师认证独立复核、组织隔离、课程版本和期限约束、排期快照及撤销
  ---
  duration_ms: 70.794575
  type: 'test'
  ...
# Subtest: P3 假勤联调：等价时区使用同一业务日与余额年度，取消请假后释放班次
ok 39 - P3 假勤联调：等价时区使用同一业务日与余额年度，取消请假后释放班次
  ---
  duration_ms: 38.202339
  type: 'test'
  ...
# Subtest: P3 入职融入：模板版本快照、本人办理、独立核验、结项及自助待办
ok 40 - P3 入职融入：模板版本快照、本人办理、独立核验、结项及自助待办
  ---
  duration_ms: 67.34633
  type: 'test'
  ...
# Subtest: P3 待办工作台：顺序审批轮次、本人隔离、跨组织筛选、分页和办理后消退
ok 41 - P3 待办工作台：顺序审批轮次、本人隔离、跨组织筛选、分页和办理后消退
  ---
  duration_ms: 136.728224
  type: 'test'
  ...
# Subtest: P3 扩展待办：薪酬角色保密、绩效环节和招聘独立审批流转
ok 42 - P3 扩展待办：薪酬角色保密、绩效环节和招聘独立审批流转
  ---
  duration_ms: 81.865344
  type: 'test'
  ...
# Subtest: P3 盘点校准：独立复核发布、版本链、原绩效保留、最新报表和越权隔离
ok 43 - P3 盘点校准：独立复核发布、版本链、原绩效保留、最新报表和越权隔离
  ---
  duration_ms: 69.798658
  type: 'test'
  ...
# Subtest: P3 档案完整性：分组、状态必填、正式值与待复核隔离、状态变化重新校验
ok 44 - P3 档案完整性：分组、状态必填、正式值与待复核隔离、状态变化重新校验
  ---
  duration_ms: 53.221771
  type: 'test'
  ...
# Subtest: P3 档案复核待办：只向独立HR展示、摘要保密、停用退回与权限撤销
ok 45 - P3 档案复核待办：只向独立HR展示、摘要保密、停用退回与权限撤销
  ---
  duration_ms: 35.863693
  type: 'test'
  ...
# Subtest: P3 干部人才档案：跨模块证据、最新版本、缺失保留及角色组织隔离
ok 46 - P3 干部人才档案：跨模块证据、最新版本、缺失保留及角色组织隔离
  ---
  duration_ms: 33.277682
  type: 'test'
  ...
# Subtest: P3 干部待办：提名角色与发起人排除，审议后消退，范围外隐藏
ok 47 - P3 干部待办：提名角色与发起人排除，审议后消退，范围外隐藏
  ---
  duration_ms: 31.053839
  type: 'test'
  ...
# Subtest: P3 继任覆盖报表：按岗位和在职有效记录统计、跨范围部分可见、关闭与离职剔除
ok 48 - P3 继任覆盖报表：按岗位和在职有效记录统计、跨范围部分可见、关闭与离职剔除
  ---
  duration_ms: 35.351438
  type: 'test'
  ...
# Subtest: P3 培训申请：独立审批、范围隔离、真实任务前置、核对幂等与审计失败回滚
ok 49 - P3 培训申请：独立审批、范围隔离、真实任务前置、核对幂等与审计失败回滚
  ---
  duration_ms: 89.926464
  type: 'test'
  ...
# Subtest: P3 培训管理报表：任务与学员分母、空完成率、取消排期及北京时间范围
ok 50 - P3 培训管理报表：任务与学员分母、空完成率、取消排期及北京时间范围
  ---
  duration_ms: 68.756993
  type: 'test'
  ...
# Subtest: P3 场次取消：待处理出勤不能悬挂，核验未出席保留历史且名册不误报
ok 51 - P3 场次取消：待处理出勤不能悬挂，核验未出席保留历史且名册不误报
  ---
  duration_ms: 42.370462
  type: 'test'
  ...
# Subtest: P3 内部讲师名册：独立入册、目录摘要保密、停用与重提版本及待办
ok 52 - P3 内部讲师名册：独立入册、目录摘要保密、停用与重提版本及待办
  ---
  duration_ms: 55.975535
  type: 'test'
  ...
# Subtest: P3 内部讲师名册：本人HR不得复核、审计失败回滚与离职后拒绝入册
ok 53 - P3 内部讲师名册：本人HR不得复核、审计失败回滚与离职后拒绝入册
  ---
  duration_ms: 44.982732
  type: 'test'
  ...
# Subtest: P3 讲师试讲：指定评委、互盲评分、独立冻结、最新结果入册门槛与历史隔离
ok 54 - P3 讲师试讲：指定评委、互盲评分、独立冻结、最新结果入册门槛与历史隔离
  ---
  duration_ms: 76.210883
  type: 'test'
  ...
# Subtest: P3 讲师试讲：取消不能绕过门槛、失败重试、截止日及冻结审计回滚
ok 55 - P3 讲师试讲：取消不能绕过门槛、失败重试、截止日及冻结审计回滚
  ---
  duration_ms: 57.647113
  type: 'test'
  ...
# Subtest: P3 认证报名：范围与本人隔离、停止报名后续办、资格提名试讲入册完整关联
ok 56 - P3 认证报名：范围与本人隔离、停止报名后续办、资格提名试讲入册完整关联
  ---
  duration_ms: 61.072943
  type: 'test'
  ...
# Subtest: P3 认证报名：时间窗口、跨组织、撤回重报与资格审计失败回滚
ok 57 - P3 认证报名：时间窗口、跨组织、撤回重报与资格审计失败回滚
  ---
  duration_ms: 52.064897
  type: 'test'
  ...
# Subtest: P3 认证活动组织层级：下级HR可核对上级活动的本部门报名，不能管理上级活动
ok 58 - P3 认证活动组织层级：下级HR可核对上级活动的本部门报名，不能管理上级活动
  ---
  duration_ms: 61.621102
  type: 'test'
  ...
# Subtest: P3 认证培养：真实学习任务引用、必修核验前置、本人和组织隔离及入册快照
ok 59 - P3 认证培养：真实学习任务引用、必修核验前置、本人和组织隔离及入册快照
  ---
  duration_ms: 48.578159
  type: 'test'
  ...
# Subtest: P3 认证培养：取消任务不算完成、参考任务不阻断、关联移除审计与修订保护
ok 60 - P3 认证培养：取消任务不算完成、参考任务不阻断、关联移除审计与修订保护
  ---
  duration_ms: 44.450587
  type: 'test'
  ...
# Subtest: P3 培训带教：关系授权、本人辅导与确认、独立出师及人事权限不扩展
ok 61 - P3 培训带教：关系授权、本人辅导与确认、独立出师及人事权限不扩展
  ---
  duration_ms: 70.564607
  type: 'test'
  ...
# Subtest: P3 培训带教：账号与组织校验、日期边界、出师回滚及终止保留未确认记录
ok 62 - P3 培训带教：账号与组织校验、日期边界、出师回滚及终止保留未确认记录
  ---
  duration_ms: 55.949917
  type: 'test'
  ...
# Subtest: P3 内部证书：真实完成依据、独立发放、有效期快照、模板版本及本人信息隔离
ok 63 - P3 内部证书：真实完成依据、独立发放、有效期快照、模板版本及本人信息隔离
  ---
  duration_ms: 45.147051
  type: 'test'
  ...
# Subtest: P3 内部证书：来源状态变更提示、撤销留痕、编号唯一与发放回滚
ok 64 - P3 内部证书：来源状态变更提示、撤销留痕、编号唯一与发放回滚
  ---
  duration_ms: 73.57333
  type: 'test'
  ...
# Subtest: P3 绩效目标调整：独立复核、双记录同修订、待审门槛与正式评分快照
ok 65 - P3 绩效目标调整：独立复核、双记录同修订、待审门槛与正式评分快照
  ---
  duration_ms: 62.461573
  type: 'test'
  ...
# Subtest: P2/P3 目标调整事务：第二条写入失败全回滚、过期CAS无旁写及撤权即时生效
ok 66 - P2/P3 目标调整事务：第二条写入失败全回滚、过期CAS无旁写及撤权即时生效
  ---
  duration_ms: 73.082499
  type: 'test'
  ...
# Subtest: P3 目标执行跟进：本人记录、独立反馈、补充留痕及评分隔离
ok 67 - P3 目标执行跟进：本人记录、独立反馈、补充留痕及评分隔离
  ---
  duration_ms: 75.425878
  type: 'test'
  ...
# Subtest: P3 目标执行跟进：旧目标快照、跨范围与撤权、审计回滚及修订冲突
ok 68 - P3 目标执行跟进：旧目标快照、跨范围与撤权、审计回滚及修订冲突
  ---
  duration_ms: 61.266777
  type: 'test'
  ...
# Subtest: P3 绩效办理报表：可办与历史待反馈区分、发布去重和范围及评分隔离
ok 69 - P3 绩效办理报表：可办与历史待反馈区分、发布去重和范围及评分隔离
  ---
  duration_ms: 57.253708
  type: 'test'
  ...
# Subtest: P3 招聘录用退回：独立复核、版本重提、旧条件锁存和事务回滚
ok 70 - P3 招聘录用退回：独立复核、版本重提、旧条件锁存和事务回滚
  ---
  duration_ms: 73.36454
  type: 'test'
  ...
# Subtest: P3 招聘边界：北京时间入职、同时间面试序号及旧冲突意见保守处理
ok 71 - P3 招聘边界：北京时间入职、同时间面试序号及旧冲突意见保守处理
  ---
  duration_ms: 35.906757
  type: 'test'
  ...
# Subtest: P3 招聘需求修订：退回重提、所有编写者隔离、批准后锁定与旧审批冲突
ok 72 - P3 招聘需求修订：退回重提、所有编写者隔离、批准后锁定与旧审批冲突
  ---
  duration_ms: 56.100554
  type: 'test'
  ...
# Subtest: P3 招聘需求报表：候选当前阶段去重、退回重提、剩余名额和范围隔离
ok 73 - P3 招聘需求报表：候选当前阶段去重、退回重提、剩余名额和范围隔离
  ---
  duration_ms: 58.13451
  type: 'test'
  ...
# Subtest: P3 补卡版本与撤回：独立核验、原记录保留、最新版本和回滚
ok 74 - P3 补卡版本与撤回：独立核验、原记录保留、最新版本和回滚
  ---
  duration_ms: 50.468878
  type: 'test'
  ...
# Subtest: P3 补卡历史冲突：同时间不同事实不猜测、等价时区与新版本消除歧义
ok 75 - P3 补卡历史冲突：同时间不同事实不猜测、等价时区与新版本消除歧义
  ---
  duration_ms: 22.395346
  type: 'test'
  ...
# Subtest: P3 假期余额口径：不计余额假种不出现负额度且不得登记无意义余额
ok 76 - P3 假期余额口径：不计余额假种不出现负额度且不得登记无意义余额
  ---
  duration_ms: 35.828569
  type: 'test'
  ...
# Subtest: P3 假期分钟精度：拒绝秒级分段与小数休息，合法分钟分段不重复扣取
ok 77 - P3 假期分钟精度：拒绝秒级分段与小数休息，合法分钟分段不重复扣取
  ---
  duration_ms: 38.497024
  type: 'test'
  ...
# Subtest: P2/P3 北京时间业务日：跨年评估、发展与学习截止日和日期合法性
ok 78 - P2/P3 北京时间业务日：跨年评估、发展与学习截止日和日期合法性
  ---
  duration_ms: 46.677735
  type: 'test'
  ...
# Subtest: P2/P3 薪酬独立复核：移除作者、移除人及历史提交者不可绕过角色隔离
ok 79 - P2/P3 薪酬独立复核：移除作者、移除人及历史提交者不可绕过角色隔离
  ---
  duration_ms: 57.224253
  type: 'test'
  ...
# Subtest: P3 薪酬报表：发布边界、整数补差冲减、专岗范围和导出审计
ok 80 - P3 薪酬报表：发布边界、整数补差冲减、专岗范围和导出审计
  ---
  duration_ms: 61.973275
  type: 'test'
  ...
# Subtest: P3 薪酬报表：取消明细和批次不进入正式对账、期间查询与分页一致
ok 81 - P3 薪酬报表：取消明细和批次不进入正式对账、期间查询与分页一致
  ---
  duration_ms: 32.520477
  type: 'test'
  ...
# Subtest: P3 自助绩效待办：目标调整阻塞与申请可见、退回跟进版本及任务导航
ok 82 - P3 自助绩效待办：目标调整阻塞与申请可见、退回跟进版本及任务导航
  ---
  duration_ms: 48.788878
  type: 'test'
  ...
# Subtest: P3 认证培养派课：任务与关联原子保存、重复保护及独立成果门槛
ok 83 - P3 认证培养派课：任务与关联原子保存、重复保护及独立成果门槛
  ---
  duration_ms: 74.60433
  type: 'test'
  ...
# Subtest: P2/P3 历史读取一致性：范围撤销与审计降权不混用旧权限和新记录
ok 84 - P2/P3 历史读取一致性：范围撤销与审计降权不混用旧权限和新记录
  ---
  duration_ms: 67.943723
  type: 'test'
  ...
# Subtest: P3 课程阶段：启动冻结、独立核验解锁及全部阶段结项
ok 85 - P3 课程阶段：启动冻结、独立核验解锁及全部阶段结项
  ---
  duration_ms: 82.294995
  type: 'test'
  ...
# Subtest: P3 阶段进度报表：未派发课程仍计入总要求、人员范围与核验口径
ok 86 - P3 阶段进度报表：未派发课程仍计入总要求、人员范围与核验口径
  ---
  duration_ms: 51.670125
  type: 'test'
  ...
# Subtest: P3 阶段批量派课：整批回滚、同修订保存、跳过已派发与独立核验后推进
ok 87 - P3 阶段批量派课：整批回滚、同修订保存、跳过已派发与独立核验后推进
  ---
  duration_ms: 66.82439
  type: 'test'
  ...
# Subtest: P3 合同运营报表：终止与原结束日、续签草稿、作废排除及HR范围
ok 88 - P3 合同运营报表：终止与原结束日、续签草稿、作废排除及HR范围
  ---
  duration_ms: 80.696318
  type: 'test'
  ...
# Subtest: P2/P3 管理报表入口：无岗位权限时不查询领域明细，导出同样拒绝
ok 89 - P2/P3 管理报表入口：无岗位权限时不查询领域明细，导出同样拒绝
  ---
  duration_ms: 31.782551
  type: 'test'
  ...
# Subtest: P3 学习任务恢复：保留考试次数和历史，重新提交，范围与项目状态重新检查
ok 90 - P3 学习任务恢复：保留考试次数和历史，重新提交，范围与项目状态重新检查
  ---
  duration_ms: 72.054127
  type: 'test'
  ...
# Subtest: P3 在职合同登记覆盖：无记录人员、当日边界、草稿与未来登记不充当覆盖
ok 91 - P3 在职合同登记覆盖：无记录人员、当日边界、草稿与未来登记不充当覆盖
  ---
  duration_ms: 57.882993
  type: 'test'
  ...
# Subtest: P3 合同协议类别与期限独立：保留旧数据未知状态，不由期限推断协议类别
ok 92 - P3 合同协议类别与期限独立：保留旧数据未知状态，不由期限推断协议类别
  ---
  duration_ms: 38.74734
  type: 'test'
  ...
# Subtest: P2/P3 附件读取撤权一致性：列表同批校验，文件读取后再次检查修订
ok 93 - P2/P3 附件读取撤权一致性：列表同批校验，文件读取后再次检查修订
  ---
  duration_ms: 36.368576
  type: 'test'
  ...
# Subtest: P2/P3 成员目录撤权一致性：读取授权名单期间管理员降权不返回旧权限下的名单
ok 94 - P2/P3 成员目录撤权一致性：读取授权名单期间管理员降权不返回旧权限下的名单
  ---
  duration_ms: 29.192157
  type: 'test'
  ...
# Subtest: P3 学分到期：授予快照、北京时间当日边界及撤销后不重复扣到期
ok 95 - P3 学分到期：授予快照、北京时间当日边界及撤销后不重复扣到期
  ---
  duration_ms: 39.505067
  type: 'test'
  ...
# Subtest: P3 人员经历：HR范围、本人只读、月份校验及更正作废保留历史
ok 96 - P3 人员经历：HR范围、本人只读、月份校验及更正作废保留历史
  ---
  duration_ms: 62.616234
  type: 'test'
  ...
# Subtest: P3 经历关联人才档案：HR可见有效摘要，普通经理不扩展经历权限
ok 97 - P3 经历关联人才档案：HR可见有效摘要，普通经理不扩展经历权限
  ---
  duration_ms: 28.455697
  type: 'test'
  ...
# Subtest: report reads and exports use current organization scope and revoked account cannot export
ok 98 - report reads and exports use current organization scope and revoked account cannot export
  ---
  duration_ms: 90.990543
  type: 'test'
  ...
1..98
# tests 98
# suites 0
# pass 98
# fail 0
# cancelled 0
# skipped 0
# todo 0
# duration_ms 6771.856594
