TAP version 13
# Subtest: 未配置、停用与未知角色均拒绝访问
ok 1 - 未配置、停用与未知角色均拒绝访问
  ---
  duration_ms: 0.995354
  type: 'test'
  ...
# Subtest: 员工响应不泄漏同事或审计记录
ok 2 - 员工响应不泄漏同事或审计记录
  ---
  duration_ms: 2.160986
  type: 'test'
  ...
# Subtest: 员工不能提交其他人员申请或维护组织
ok 3 - 员工不能提交其他人员申请或维护组织
  ---
  duration_ms: 1.346395
  type: 'test'
  ...
# Subtest: 申请与审批分离，申请人不能自审，审批者不能审批本人异动
ok 4 - 申请与审批分离，申请人不能自审，审批者不能审批本人异动
  ---
  duration_ms: 2.542182
  type: 'test'
  ...
# Subtest: 无申请人信息的遗留单据不能直接审批
ok 5 - 无申请人信息的遗留单据不能直接审批
  ---
  duration_ms: 0.262237
  type: 'test'
  ...
# Subtest: G0 SC-1：计划人员、标准版本与状态异常均不产生记录或审计
ok 6 - G0 SC-1：计划人员、标准版本与状态异常均不产生记录或审计
  ---
  duration_ms: 106.733065
  type: 'test'
  ...
# Subtest: G0 SC-1：历史20条分页保持事件快照，完成计划拒绝新增派课
ok 7 - G0 SC-1：历史20条分页保持事件快照，完成计划拒绝新增派课
  ---
  duration_ms: 109.22097
  type: 'test'
  ...
# Subtest: G0 SC-1：JSON请求、匿名身份、租户注入与错误响应边界
ok 8 - G0 SC-1：JSON请求、匿名身份、租户注入与错误响应边界
  ---
  duration_ms: 29.007279
  type: 'test'
  ...
# Subtest: G0 SC-1：多记录空批、超限、重复标识拒绝，20条边界原子保存
ok 9 - G0 SC-1：多记录空批、超限、重复标识拒绝，20条边界原子保存
  ---
  duration_ms: 29.599188
  type: 'test'
  ...
# Subtest: 审批通过调动更新任职，且旧状态保持不变
ok 10 - 审批通过调动更新任职，且旧状态保持不变
  ---
  duration_ms: 4.595216
  type: 'test'
  ...
# Subtest: 驳回不变更员工组织
ok 11 - 驳回不变更员工组织
  ---
  duration_ms: 0.488788
  type: 'test'
  ...
# Subtest: 组织循环以及有在职员工的停用被阻止
ok 12 - 组织循环以及有在职员工的停用被阻止
  ---
  duration_ms: 0.746608
  type: 'test'
  ...
# Subtest: 重复工号与无效入职日期被拒绝
ok 13 - 重复工号与无效入职日期被拒绝
  ---
  duration_ms: 1.979922
  type: 'test'
  ...
# Subtest: 同一员工不能重复发起待审批请求
ok 14 - 同一员工不能重复发起待审批请求
  ---
  duration_ms: 0.402538
  type: 'test'
  ...
# Subtest: 离职通过后限制继续发起申请
ok 15 - 离职通过后限制继续发起申请
  ---
  duration_ms: 0.693238
  type: 'test'
  ...
# Subtest: 编辑档案无法绕过调动审批
ok 16 - 编辑档案无法绕过调动审批
  ---
  duration_ms: 0.432634
  type: 'test'
  ...
# Subtest: P2 API：企业初始化、组织员工、成员范围、顺序审批、任职历史、越权和刷新持久化
ok 17 - P2 API：企业初始化、组织员工、成员范围、顺序审批、任职历史、越权和刷新持久化
  ---
  duration_ms: 86.840112
  type: 'test'
  ...
# Subtest: P2 存储：迁移保留原快照、重入不重复、跨租户外键、并发冲突与失败整体回滚
ok 18 - P2 存储：迁移保留原快照、重入不重复、跨租户外键、并发冲突与失败整体回滚
  ---
  duration_ms: 14.656293
  type: 'test'
  ...
# Subtest: P2 权限竞争：数据快照之前撤销组织范围不沿用旧权限
ok 19 - P2 权限竞争：数据快照之前撤销组织范围不沿用旧权限
  ---
  duration_ms: 5.206028
  type: 'test'
  ...
# Subtest: P3 岗位与职级：目录关联、任职变更审批、在用保护及历史留存
ok 20 - P3 岗位与职级：目录关联、任职变更审批、在用保护及历史留存
  ---
  duration_ms: 31.588731
  type: 'test'
  ...
# Subtest: 多级审批仅终审通过更新组织，不能越级或重复审批
ok 21 - 多级审批仅终审通过更新组织，不能越级或重复审批
  ---
  duration_ms: 6.084287
  type: 'test'
  ...
# Subtest: 驳回与撤回不修改档案，已撤回不能审批
ok 22 - 驳回与撤回不修改档案，已撤回不能审批
  ---
  duration_ms: 1.82643
  type: 'test'
  ...
# Subtest: 修改流程不改变已提交申请的审批人及版本
ok 23 - 修改流程不改变已提交申请的审批人及版本
  ---
  duration_ms: 0.456399
  type: 'test'
  ...
# Subtest: 未配置流程、重复审批人与自审流程被拒绝
ok 24 - 未配置流程、重复审批人与自审流程被拒绝
  ---
  duration_ms: 0.889114
  type: 'test'
  ...
# Subtest: 成员验证禁止自降权、无档案员工授权与已离职关联
ok 25 - 成员验证禁止自降权、无档案员工授权与已离职关联
  ---
  duration_ms: 0.871828
  type: 'test'
  ...
1..25
# tests 25
# suites 0
# pass 25
# fail 0
# cancelled 0
# skipped 0
# todo 0
# duration_ms 1053.789068
