TAP version 13
# Subtest: 未配置、停用与未知角色均拒绝访问
ok 1 - 未配置、停用与未知角色均拒绝访问
  ---
  duration_ms: 3.220034
  type: 'test'
  ...
# Subtest: 员工响应不泄漏同事或审计记录
ok 2 - 员工响应不泄漏同事或审计记录
  ---
  duration_ms: 3.863322
  type: 'test'
  ...
# Subtest: 员工不能提交其他人员申请或维护组织
ok 3 - 员工不能提交其他人员申请或维护组织
  ---
  duration_ms: 4.695954
  type: 'test'
  ...
# Subtest: 申请与审批分离，申请人不能自审，审批者不能审批本人异动
ok 4 - 申请与审批分离，申请人不能自审，审批者不能审批本人异动
  ---
  duration_ms: 7.958968
  type: 'test'
  ...
# Subtest: 无申请人信息的遗留单据不能直接审批
ok 5 - 无申请人信息的遗留单据不能直接审批
  ---
  duration_ms: 1.44398
  type: 'test'
  ...
# Subtest: G0 SC-1：计划人员、标准版本与状态异常均不产生记录或审计
ok 6 - G0 SC-1：计划人员、标准版本与状态异常均不产生记录或审计
  ---
  duration_ms: 524.752738
  type: 'test'
  ...
# Subtest: G0 SC-1：历史20条分页保持事件快照，完成计划拒绝新增派课
ok 7 - G0 SC-1：历史20条分页保持事件快照，完成计划拒绝新增派课
  ---
  duration_ms: 374.286478
  type: 'test'
  ...
# Subtest: G0 SC-1：JSON请求、匿名身份、租户注入与错误响应边界
ok 8 - G0 SC-1：JSON请求、匿名身份、租户注入与错误响应边界
  ---
  duration_ms: 199.516729
  type: 'test'
  ...
# Subtest: G0 SC-1：多记录空批、超限、重复标识拒绝，20条边界原子保存
ok 9 - G0 SC-1：多记录空批、超限、重复标识拒绝，20条边界原子保存
  ---
  duration_ms: 70.973426
  type: 'test'
  ...
# Subtest: H002 G1-02：离职后的未完成计划和学习保留历史、拒绝新业务，离职账号可保留关联停用并立即撤权
ok 10 - H002 G1-02：离职后的未完成计划和学习保留历史、拒绝新业务，离职账号可保留关联停用并立即撤权
  ---
  duration_ms: 399.211281
  type: 'test'
  ...
# Subtest: Cadre terms: scoped registration, immutable history, correction, ending and profile integration
ok 11 - Cadre terms: scoped registration, immutable history, correction, ending and profile integration
  ---
  duration_ms: 337.85011
  type: 'test'
  ...
# Subtest: G1 X01：同一人员从组织岗位到盘点计划、考试学习核验与档案回流，调动后撤销旧组织访问
ok 12 - G1 X01：同一人员从组织岗位到盘点计划、考试学习核验与档案回流，调动后撤销旧组织访问
  ---
  duration_ms: 741.547322
  type: 'test'
  ...
# H002_SC1_INSTANCE {"employeeId":"403e3c07-da3a-4b73-9745-615987ec9f32","reviewId":"0c2cb34e-f451-4c0f-a39f-dd5634a41b0c","standardId":"a0cfbe03-c38f-4f2b-873c-e183a03cca98","planId":"05c7690d-6951-404b-8798-61fab55f5161","planReferenceId":"a0cfbe03-c38f-4f2b-873c-e183a03cca98","courseId":"e19de02b-2539-4e31-aa19-352ec4677ff4","courseReferenceId":"a0cfbe03-c38f-4f2b-873c-e183a03cca98","enrollmentId":"da3aad1b-1af2-4041-a766-fc9f3bb698cf","enrollmentReferenceId":"e19de02b-2539-4e31-aa19-352ec4677ff4","enrollmentPlanId":"05c7690d-6951-404b-8798-61fab55f5161"}
# Subtest: Learning thresholds: optional course counts unlock next stage, invalid minima reject, legacy rules remain
ok 13 - Learning thresholds: optional course counts unlock next stage, invalid minima reject, legacy rules remain
  ---
  duration_ms: 363.503032
  type: 'test'
  ...
# Subtest: G1-03 H003：同员工计划与两阶段考试、强制出勤、独立核验、恢复及学分来源闭环
ok 14 - G1-03 H003：同员工计划与两阶段考试、强制出勤、独立核验、恢复及学分来源闭环
  ---
  duration_ms: 1141.156678
  type: 'test'
  ...
# H003: two stages completed; attempts 2+1 retained; credits 300 awarded/100 reversed/200 available; rejection snapshots unchanged.
# Subtest: H004 P02: one employee goal adjustment, checkin, evaluation, appeal and versioned consumers
ok 15 - H004 P02: one employee goal adjustment, checkin, evaluation, appeal and versioned consumers
  ---
  duration_ms: 580.662887
  type: 'test'
  ...
# H004_CHAIN {"employeeId":"d1e60602-4139-415c-819b-9edd08c0a5e6","cycleId":"f3e0c3d6-81d9-4b40-bba2-34e4192e0ff7","planId":"edd55827-2d05-4bdd-a492-a12925dffa5e","adjustmentId":"ad99d749-d349-4cdd-b4aa-7d0f62438514","checkinId":"3bc90581-47eb-4e27-9b5e-ff5a97e82d3d","resultId":"13fc6005-7852-4720-aea1-8e28d708e049","appealId":"581830f1-aafb-4a5e-b24d-85e9dfb18d9f","correctionId":"1fe141cf-e7a3-40f4-854f-ba22666a44e0","reviewId":"1fd6d0d7-3092-469f-ae06-5e99c5a2fdea","originalScore":63,"latestScore":87}
# Subtest: H004 P03: cycle status, dates, exact weights and score thresholds
ok 16 - H004 P03: cycle status, dates, exact weights and score thresholds
  ---
  duration_ms: 338.655701
  type: 'test'
  ...
# Subtest: H004 P03: exit preserves independent correction of published history
ok 17 - H004 P03: exit preserves independent correction of published history
  ---
  duration_ms: 160.026334
  type: 'test'
  ...
# Subtest: H004 P03: transfer preserves independent correction of published history
ok 18 - H004 P03: transfer preserves independent correction of published history
  ---
  duration_ms: 239.593113
  type: 'test'
  ...
# Subtest: H004 P-DEF-01: exit blocks active plan progression, keeps history and cancellation
ok 19 - H004 P-DEF-01: exit blocks active plan progression, keeps history and cancellation
  ---
  duration_ms: 701.534622
  type: 'test'
  ...
# Subtest: H004 P-DEF-01: transfer blocks active plan progression, keeps history and cancellation
ok 20 - H004 P-DEF-01: transfer blocks active plan progression, keeps history and cancellation
  ---
  duration_ms: 567.973943
  type: 'test'
  ...
# Subtest: 审批通过调动更新任职，且旧状态保持不变
ok 21 - 审批通过调动更新任职，且旧状态保持不变
  ---
  duration_ms: 15.874261
  type: 'test'
  ...
# Subtest: 驳回不变更员工组织
ok 22 - 驳回不变更员工组织
  ---
  duration_ms: 1.145014
  type: 'test'
  ...
# Subtest: 组织循环以及有在职员工的停用被阻止
ok 23 - 组织循环以及有在职员工的停用被阻止
  ---
  duration_ms: 1.823262
  type: 'test'
  ...
# Subtest: 重复工号与无效入职日期被拒绝
ok 24 - 重复工号与无效入职日期被拒绝
  ---
  duration_ms: 4.85498
  type: 'test'
  ...
# Subtest: 同一员工不能重复发起待审批请求
ok 25 - 同一员工不能重复发起待审批请求
  ---
  duration_ms: 1.089225
  type: 'test'
  ...
# Subtest: 离职通过后限制继续发起申请
ok 26 - 离职通过后限制继续发起申请
  ---
  duration_ms: 1.752624
  type: 'test'
  ...
# Subtest: 编辑档案无法绕过调动审批
ok 27 - 编辑档案无法绕过调动审批
  ---
  duration_ms: 1.207533
  type: 'test'
  ...
# Subtest: first learning instance atomically creates 20 tasks, blocks duplicate instances and permits separate plan versions, closes only after independent evidence
ok 28 - first learning instance atomically creates 20 tasks, blocks duplicate instances and permits separate plan versions, closes only after independent evidence
  ---
  duration_ms: 1472.832704
  type: 'test'
  ...
# Subtest: first instance refuses unsupported modes, outside scope, expired dates and stale revision without partial records
ok 29 - first instance refuses unsupported modes, outside scope, expired dates and stale revision without partial records
  ---
  duration_ms: 196.706576
  type: 'test'
  ...
# Subtest: same course across plans isolates exams and preserves legacy constraints, rewards and cancellation history
ok 30 - same course across plans isolates exams and preserves legacy constraints, rewards and cancellation history
  ---
  duration_ms: 878.42161
  type: 'test'
  ...
# Subtest: legacy cancelled task restores with original ID after an independent instance is assigned
ok 31 - legacy cancelled task restores with original ID after an independent instance is assigned
  ---
  duration_ms: 119.984998
  type: 'test'
  ...
# Subtest: versioned instance stages gate tasks and close at independent required/optional thresholds without crediting unfinished electives
ok 32 - versioned instance stages gate tasks and close at independent required/optional thresholds without crediting unfinished electives
  ---
  duration_ms: 385.252738
  type: 'test'
  ...
# Subtest: Learning definitions retain immutable versions, reject stale writes and scope leaks
ok 33 - Learning definitions retain immutable versions, reject stale writes and scope leaks
  ---
  duration_ms: 288.071895
  type: 'test'
  ...
# Subtest: learning instance contract rejects mixed modes, invalid dates and missing reward decisions
ok 34 - learning instance contract rejects mixed modes, invalid dates and missing reward decisions
  ---
  duration_ms: 17.043831
  type: 'test'
  ...
# Subtest: learning windows preserve fixed dates and inclusive leap/year boundaries; round keys do not collide
ok 35 - learning windows preserve fixed dates and inclusive leap/year boundaries; round keys do not collide
  ---
  duration_ms: 4.391827
  type: 'test'
  ...
# Subtest: instance availability keeps historical records while rejecting transferred, former and out-of-window learners
ok 36 - instance availability keeps historical records while rejecting transferred, former and out-of-window learners
  ---
  duration_ms: 0.749809
  type: 'test'
  ...
# Subtest: requirement completion rejects borrowed identities, duplicates and missing evidence while preserving legacy assignments
ok 37 - requirement completion rejects borrowed identities, duplicates and missing evidence while preserving legacy assignments
  ---
  duration_ms: 6.185088
  type: 'test'
  ...
# Subtest: assignment progression retains history but stops for exit, transfer or disabled organization
ok 38 - assignment progression retains history but stops for exit, transfer or disabled organization
  ---
  duration_ms: 0.698076
  type: 'test'
  ...
# Subtest: P2 API：企业初始化、组织员工、成员范围、顺序审批、任职历史、越权和刷新持久化
ok 39 - P2 API：企业初始化、组织员工、成员范围、顺序审批、任职历史、越权和刷新持久化
  ---
  duration_ms: 282.879865
  type: 'test'
  ...
# Subtest: P2 存储：迁移保留原快照、重入不重复、跨租户外键、并发冲突与失败整体回滚
ok 40 - P2 存储：迁移保留原快照、重入不重复、跨租户外键、并发冲突与失败整体回滚
  ---
  duration_ms: 30.046157
  type: 'test'
  ...
# Subtest: P2 权限竞争：数据快照之前撤销组织范围不沿用旧权限
ok 41 - P2 权限竞争：数据快照之前撤销组织范围不沿用旧权限
  ---
  duration_ms: 10.200367
  type: 'test'
  ...
# Subtest: P3 岗位与职级：目录关联、任职变更审批、在用保护及历史留存
ok 42 - P3 岗位与职级：目录关联、任职变更审批、在用保护及历史留存
  ---
  duration_ms: 85.106379
  type: 'test'
  ...
# Subtest: P3：标准版本、绩效更正、盘点快照、跨组织与本人评价隔离
ok 43 - P3：标准版本、绩效更正、盘点快照、跨组织与本人评价隔离
  ---
  duration_ms: 1063.38359
  type: 'test'
  ...
# Subtest: P3：发展计划—课程—学习成果—独立核验闭环与重复处理保护
ok 44 - P3：发展计划—课程—学习成果—独立核验闭环与重复处理保护
  ---
  duration_ms: 181.856632
  type: 'test'
  ...
# Subtest: P3 附件：受权下载、类型与大小验证、并发清理、删除及数据库失败回滚
ok 45 - P3 附件：受权下载、类型与大小验证、并发清理、删除及数据库失败回滚
  ---
  duration_ms: 254.052028
  type: 'test'
  ...
# Subtest: P3 附件默认保密：员工和审批人不能列出或下载未开放的人事附件
ok 46 - P3 附件默认保密：员工和审批人不能列出或下载未开放的人事附件
  ---
  duration_ms: 70.612731
  type: 'test'
  ...
# Subtest: P3 考试：答案服务端保密、次数限制、自动评分及成果提交门槛
ok 47 - P3 考试：答案服务端保密、次数限制、自动评分及成果提交门槛
  ---
  duration_ms: 110.958481
  type: 'test'
  ...
# Subtest: P3 能力差距：同版本比较，缺失与版本不匹配均为未评定
ok 48 - P3 能力差距：同版本比较，缺失与版本不匹配均为未评定
  ---
  duration_ms: 107.081236
  type: 'test'
  ...
# Subtest: P3 项目化：盘点范围与期间、人才池隔离、培训报名及未结项保护
ok 49 - P3 项目化：盘点范围与期间、人才池隔离、培训报名及未结项保护
  ---
  duration_ms: 113.600726
  type: 'test'
  ...
# Subtest: P3 正式绩效：目标确认、自评、独立评价、发布、盘点使用与结项
ok 50 - P3 正式绩效：目标确认、自评、独立评价、发布、盘点使用与结项
  ---
  duration_ms: 104.671076
  type: 'test'
  ...
# Subtest: P3 招聘入职：独立审批、录用依据、字段权限、人数上限与原子建档
ok 51 - P3 招聘入职：独立审批、录用依据、字段权限、人数上限与原子建档
  ---
  duration_ms: 158.268384
  type: 'test'
  ...
# Subtest: P3 假勤：休息扣除、待批余额占用、撤回释放、独立审批及补卡保留原始记录
ok 52 - P3 假勤：休息扣除、待批余额占用、撤回释放、独立审批及补卡保留原始记录
  ---
  duration_ms: 166.284599
  type: 'test'
  ...
# Subtest: P3 打卡：只接受本人及服务端时间、先上班后下班、防重复
ok 53 - P3 打卡：只接受本人及服务端时间、先上班后下班、防重复
  ---
  duration_ms: 81.793121
  type: 'test'
  ...
# Subtest: P3 薪酬：分级保密、整数金额、编制复核分离、退回重审、发布锁定及历史隔离
ok 54 - P3 薪酬：分级保密、整数金额、编制复核分离、退回重审、发布锁定及历史隔离
  ---
  duration_ms: 196.569518
  type: 'test'
  ...
# Subtest: P3 薪酬：同期间防重复、本人受益与参与编制不得复核、审计失败原子回滚
ok 55 - P3 薪酬：同期间防重复、本人受益与参与编制不得复核、审计失败原子回滚
  ---
  duration_ms: 133.380325
  type: 'test'
  ...
# Subtest: P3 报表：人员范围、字段保密、分页、CSV公式防护及导出审计事务
ok 56 - P3 报表：人员范围、字段保密、分页、CSV公式防护及导出审计事务
  ---
  duration_ms: 402.675495
  type: 'test'
  ...
# Subtest: P3 员工自助：仅本人待办、未完成状态及缺少关联员工的空状态
ok 57 - P3 员工自助：仅本人待办、未完成状态及缺少关联员工的空状态
  ---
  duration_ms: 61.588456
  type: 'test'
  ...
# Subtest: P3 编制：独立审批、版本调整、直接新增和招聘入职共用容量约束
ok 58 - P3 编制：独立审批、版本调整、直接新增和招聘入职共用容量约束
  ---
  duration_ms: 109.474933
  type: 'test'
  ...
# Subtest: P3 合同：草稿保密、签署证明、续签关联、重叠拒绝、独立终止及档案状态不变
ok 59 - P3 合同：草稿保密、签署证明、续签关联、重叠拒绝、独立终止及档案状态不变
  ---
  duration_ms: 114.773836
  type: 'test'
  ...
# Subtest: P3 任职资格：标准版本严格匹配、未评定阻断、独立认证与证据快照不改任职
ok 60 - P3 任职资格：标准版本严格匹配、未评定阻断、独立认证与证据快照不改任职
  ---
  duration_ms: 130.263633
  type: 'test'
  ...
# Subtest: P3 任职资格：HR代办不得自审、跨组织拒绝、停用阻止新申请与撤回
ok 61 - P3 任职资格：HR代办不得自审、跨组织拒绝、停用阻止新申请与撤回
  ---
  duration_ms: 91.552789
  type: 'test'
  ...
# Subtest: P3 实名问卷：版本快照、名单冻结、本人填报、修改撤回及结项锁定
ok 62 - P3 实名问卷：版本快照、名单冻结、本人填报、修改撤回及结项锁定
  ---
  duration_ms: 193.452446
  type: 'test'
  ...
# Subtest: P3 干部：提名独立审议、真实调动前置、任用核对与本人述职独立核验
ok 63 - P3 干部：提名独立审议、真实调动前置、任用核对与本人述职独立核验
  ---
  duration_ms: 133.317336
  type: 'test'
  ...
# Subtest: P3 培训场次：排期冲突、必修出勤门槛、独立核验、补充记录与学习结项
ok 64 - P3 培训场次：排期冲突、必修出勤门槛、独立核验、补充记录与学习结项
  ---
  duration_ms: 120.797841
  type: 'test'
  ...
# Subtest: P3 360：指定评估人、人数阈值、低样本隐藏、冻结后发布及被评人不读取原始答卷
ok 65 - P3 360：指定评估人、人数阈值、低样本隐藏、冻结后发布及被评人不读取原始答卷
  ---
  duration_ms: 185.505488
  type: 'test'
  ...
# Subtest: P3 自定义档案：正式值和申请隔离、字段可见范围、独立复核、类型校验与停用
ok 66 - P3 自定义档案：正式值和申请隔离、字段可见范围、独立复核、类型校验与停用
  ---
  duration_ms: 123.311252
  type: 'test'
  ...
# Subtest: P3 绩效申诉：独立复核、发布分离、原快照保留、最新结果报表和历史隔离
ok 67 - P3 绩效申诉：独立复核、发布分离、原快照保留、最新结果报表和历史隔离
  ---
  duration_ms: 165.610351
  type: 'test'
  ...
# Subtest: P3 工资异议与补差：正负差额、独立复核、发布保密、原工资不变及反向冲减
ok 68 - P3 工资异议与补差：正负差额、独立复核、发布保密、原工资不变及反向冲减
  ---
  duration_ms: 199.392433
  type: 'test'
  ...
# Subtest: P3 薪酬专用角色：编制复核分离、组织范围、核心人事隔离与撤权即时生效
ok 69 - P3 薪酬专用角色：编制复核分离、组织范围、核心人事隔离与撤权即时生效
  ---
  duration_ms: 128.432238
  type: 'test'
  ...
# Subtest: P3 学习学分：课程版本固定、成果核验前置、授予唯一、独立撤销及范围隔离
ok 70 - P3 学习学分：课程版本固定、成果核验前置、授予唯一、独立撤销及范围隔离
  ---
  duration_ms: 140.891177
  type: 'test'
  ...
# Subtest: P3：讲师认证独立复核、组织隔离、课程版本和期限约束、排期快照及撤销
ok 71 - P3：讲师认证独立复核、组织隔离、课程版本和期限约束、排期快照及撤销
  ---
  duration_ms: 150.076089
  type: 'test'
  ...
# Subtest: P3 假勤联调：等价时区使用同一业务日与余额年度，取消请假后释放班次
ok 72 - P3 假勤联调：等价时区使用同一业务日与余额年度，取消请假后释放班次
  ---
  duration_ms: 74.848048
  type: 'test'
  ...
# Subtest: P3 入职融入：模板版本快照、本人办理、独立核验、结项及自助待办
ok 73 - P3 入职融入：模板版本快照、本人办理、独立核验、结项及自助待办
  ---
  duration_ms: 119.586124
  type: 'test'
  ...
# Subtest: P3 待办工作台：顺序审批轮次、本人隔离、跨组织筛选、分页和办理后消退
ok 74 - P3 待办工作台：顺序审批轮次、本人隔离、跨组织筛选、分页和办理后消退
  ---
  duration_ms: 180.2872
  type: 'test'
  ...
# Subtest: P3 扩展待办：薪酬角色保密、绩效环节和招聘独立审批流转
ok 75 - P3 扩展待办：薪酬角色保密、绩效环节和招聘独立审批流转
  ---
  duration_ms: 185.37219
  type: 'test'
  ...
# Subtest: P3 盘点校准：独立复核发布、版本链、原绩效保留、最新报表和越权隔离
ok 76 - P3 盘点校准：独立复核发布、版本链、原绩效保留、最新报表和越权隔离
  ---
  duration_ms: 122.312133
  type: 'test'
  ...
# Subtest: P3 档案完整性：分组、状态必填、正式值与待复核隔离、状态变化重新校验
ok 77 - P3 档案完整性：分组、状态必填、正式值与待复核隔离、状态变化重新校验
  ---
  duration_ms: 97.306638
  type: 'test'
  ...
# Subtest: P3 档案复核待办：只向独立HR展示、摘要保密、停用退回与权限撤销
ok 78 - P3 档案复核待办：只向独立HR展示、摘要保密、停用退回与权限撤销
  ---
  duration_ms: 79.075274
  type: 'test'
  ...
# Subtest: P3 干部人才档案：跨模块证据、最新版本、缺失保留及角色组织隔离
ok 79 - P3 干部人才档案：跨模块证据、最新版本、缺失保留及角色组织隔离
  ---
  duration_ms: 81.282089
  type: 'test'
  ...
# Subtest: P3 干部待办：提名角色与发起人排除，审议后消退，范围外隐藏
ok 80 - P3 干部待办：提名角色与发起人排除，审议后消退，范围外隐藏
  ---
  duration_ms: 83.866127
  type: 'test'
  ...
# Subtest: P3 继任覆盖报表：按岗位和在职有效记录统计、跨范围部分可见、关闭与离职剔除
ok 81 - P3 继任覆盖报表：按岗位和在职有效记录统计、跨范围部分可见、关闭与离职剔除
  ---
  duration_ms: 84.325563
  type: 'test'
  ...
# Subtest: P3 培训申请：独立审批、范围隔离、真实任务前置、核对幂等与审计失败回滚
ok 82 - P3 培训申请：独立审批、范围隔离、真实任务前置、核对幂等与审计失败回滚
  ---
  duration_ms: 119.712752
  type: 'test'
  ...
# Subtest: P3 培训管理报表：任务与学员分母、空完成率、取消排期及北京时间范围
ok 83 - P3 培训管理报表：任务与学员分母、空完成率、取消排期及北京时间范围
  ---
  duration_ms: 162.64712
  type: 'test'
  ...
# Subtest: P3 场次取消：待处理出勤不能悬挂，核验未出席保留历史且名册不误报
ok 84 - P3 场次取消：待处理出勤不能悬挂，核验未出席保留历史且名册不误报
  ---
  duration_ms: 159.477609
  type: 'test'
  ...
# Subtest: P3 内部讲师名册：独立入册、目录摘要保密、停用与重提版本及待办
ok 85 - P3 内部讲师名册：独立入册、目录摘要保密、停用与重提版本及待办
  ---
  duration_ms: 105.237691
  type: 'test'
  ...
# Subtest: P3 内部讲师名册：本人HR不得复核、审计失败回滚与离职后拒绝入册
ok 86 - P3 内部讲师名册：本人HR不得复核、审计失败回滚与离职后拒绝入册
  ---
  duration_ms: 88.247905
  type: 'test'
  ...
# Subtest: P3 讲师试讲：指定评委、互盲评分、独立冻结、最新结果入册门槛与历史隔离
ok 87 - P3 讲师试讲：指定评委、互盲评分、独立冻结、最新结果入册门槛与历史隔离
  ---
  duration_ms: 167.033661
  type: 'test'
  ...
# Subtest: P3 讲师试讲：取消不能绕过门槛、失败重试、截止日及冻结审计回滚
ok 88 - P3 讲师试讲：取消不能绕过门槛、失败重试、截止日及冻结审计回滚
  ---
  duration_ms: 144.694876
  type: 'test'
  ...
# Subtest: P3 认证报名：范围与本人隔离、停止报名后续办、资格提名试讲入册完整关联
ok 89 - P3 认证报名：范围与本人隔离、停止报名后续办、资格提名试讲入册完整关联
  ---
  duration_ms: 130.322948
  type: 'test'
  ...
# Subtest: P3 认证报名：时间窗口、跨组织、撤回重报与资格审计失败回滚
ok 90 - P3 认证报名：时间窗口、跨组织、撤回重报与资格审计失败回滚
  ---
  duration_ms: 98.152853
  type: 'test'
  ...
# Subtest: P3 认证活动组织层级：下级HR可核对上级活动的本部门报名，不能管理上级活动
ok 91 - P3 认证活动组织层级：下级HR可核对上级活动的本部门报名，不能管理上级活动
  ---
  duration_ms: 76.784962
  type: 'test'
  ...
# Subtest: P3 认证培养：真实学习任务引用、必修核验前置、本人和组织隔离及入册快照
ok 92 - P3 认证培养：真实学习任务引用、必修核验前置、本人和组织隔离及入册快照
  ---
  duration_ms: 93.80887
  type: 'test'
  ...
# Subtest: P3 认证培养：取消任务不算完成、参考任务不阻断、关联移除审计与修订保护
ok 93 - P3 认证培养：取消任务不算完成、参考任务不阻断、关联移除审计与修订保护
  ---
  duration_ms: 147.181206
  type: 'test'
  ...
# Subtest: P3 培训带教：关系授权、本人辅导与确认、独立出师及人事权限不扩展
ok 94 - P3 培训带教：关系授权、本人辅导与确认、独立出师及人事权限不扩展
  ---
  duration_ms: 174.502585
  type: 'test'
  ...
# Subtest: P3 培训带教：账号与组织校验、日期边界、出师回滚及终止保留未确认记录
ok 95 - P3 培训带教：账号与组织校验、日期边界、出师回滚及终止保留未确认记录
  ---
  duration_ms: 115.930928
  type: 'test'
  ...
# Subtest: P3 内部证书：真实完成依据、独立发放、有效期快照、模板版本及本人信息隔离
ok 96 - P3 内部证书：真实完成依据、独立发放、有效期快照、模板版本及本人信息隔离
  ---
  duration_ms: 99.013109
  type: 'test'
  ...
# Subtest: P3 内部证书：来源状态变更提示、撤销留痕、编号唯一与发放回滚
ok 97 - P3 内部证书：来源状态变更提示、撤销留痕、编号唯一与发放回滚
  ---
  duration_ms: 144.71622
  type: 'test'
  ...
# Subtest: P3 绩效目标调整：独立复核、双记录同修订、待审门槛与正式评分快照
ok 98 - P3 绩效目标调整：独立复核、双记录同修订、待审门槛与正式评分快照
  ---
  duration_ms: 114.165187
  type: 'test'
  ...
# Subtest: P2/P3 目标调整事务：第二条写入失败全回滚、过期CAS无旁写及撤权即时生效
ok 99 - P2/P3 目标调整事务：第二条写入失败全回滚、过期CAS无旁写及撤权即时生效
  ---
  duration_ms: 94.662367
  type: 'test'
  ...
# Subtest: P3 目标执行跟进：本人记录、独立反馈、补充留痕及评分隔离
ok 100 - P3 目标执行跟进：本人记录、独立反馈、补充留痕及评分隔离
  ---
  duration_ms: 119.551821
  type: 'test'
  ...
# Subtest: P3 目标执行跟进：旧目标快照、跨范围与撤权、审计回滚及修订冲突
ok 101 - P3 目标执行跟进：旧目标快照、跨范围与撤权、审计回滚及修订冲突
  ---
  duration_ms: 171.500438
  type: 'test'
  ...
# Subtest: P3 绩效办理报表：可办与历史待反馈区分、发布去重和范围及评分隔离
ok 102 - P3 绩效办理报表：可办与历史待反馈区分、发布去重和范围及评分隔离
  ---
  duration_ms: 98.120805
  type: 'test'
  ...
# Subtest: P3 招聘录用退回：独立复核、版本重提、旧条件锁存和事务回滚
ok 103 - P3 招聘录用退回：独立复核、版本重提、旧条件锁存和事务回滚
  ---
  duration_ms: 103.37067
  type: 'test'
  ...
# Subtest: P3 招聘边界：北京时间入职、同时间面试序号及旧冲突意见保守处理
ok 104 - P3 招聘边界：北京时间入职、同时间面试序号及旧冲突意见保守处理
  ---
  duration_ms: 60.794059
  type: 'test'
  ...
# Subtest: P3 招聘需求修订：退回重提、所有编写者隔离、批准后锁定与旧审批冲突
ok 105 - P3 招聘需求修订：退回重提、所有编写者隔离、批准后锁定与旧审批冲突
  ---
  duration_ms: 93.083421
  type: 'test'
  ...
# Subtest: P3 招聘需求报表：候选当前阶段去重、退回重提、剩余名额和范围隔离
ok 106 - P3 招聘需求报表：候选当前阶段去重、退回重提、剩余名额和范围隔离
  ---
  duration_ms: 102.097563
  type: 'test'
  ...
# Subtest: P3 补卡版本与撤回：独立核验、原记录保留、最新版本和回滚
ok 107 - P3 补卡版本与撤回：独立核验、原记录保留、最新版本和回滚
  ---
  duration_ms: 92.656347
  type: 'test'
  ...
# Subtest: P3 补卡历史冲突：同时间不同事实不猜测、等价时区与新版本消除歧义
ok 108 - P3 补卡历史冲突：同时间不同事实不猜测、等价时区与新版本消除歧义
  ---
  duration_ms: 61.582162
  type: 'test'
  ...
# Subtest: P3 假期余额口径：不计余额假种不出现负额度且不得登记无意义余额
ok 109 - P3 假期余额口径：不计余额假种不出现负额度且不得登记无意义余额
  ---
  duration_ms: 70.321138
  type: 'test'
  ...
# Subtest: P3 假期分钟精度：拒绝秒级分段与小数休息，合法分钟分段不重复扣取
ok 110 - P3 假期分钟精度：拒绝秒级分段与小数休息，合法分钟分段不重复扣取
  ---
  duration_ms: 65.341172
  type: 'test'
  ...
# Subtest: P2/P3 北京时间业务日：跨年评估、发展与学习截止日和日期合法性
ok 111 - P2/P3 北京时间业务日：跨年评估、发展与学习截止日和日期合法性
  ---
  duration_ms: 50.30332
  type: 'test'
  ...
# Subtest: P2/P3 薪酬独立复核：移除作者、移除人及历史提交者不可绕过角色隔离
ok 112 - P2/P3 薪酬独立复核：移除作者、移除人及历史提交者不可绕过角色隔离
  ---
  duration_ms: 121.153715
  type: 'test'
  ...
# Subtest: P3 薪酬报表：发布边界、整数补差冲减、专岗范围和导出审计
ok 113 - P3 薪酬报表：发布边界、整数补差冲减、专岗范围和导出审计
  ---
  duration_ms: 172.91242
  type: 'test'
  ...
# Subtest: P3 薪酬报表：取消明细和批次不进入正式对账、期间查询与分页一致
ok 114 - P3 薪酬报表：取消明细和批次不进入正式对账、期间查询与分页一致
  ---
  duration_ms: 63.746461
  type: 'test'
  ...
# Subtest: P3 自助绩效待办：目标调整阻塞与申请可见、退回跟进版本及任务导航
ok 115 - P3 自助绩效待办：目标调整阻塞与申请可见、退回跟进版本及任务导航
  ---
  duration_ms: 83.379907
  type: 'test'
  ...
# Subtest: P3 认证培养派课：任务与关联原子保存、重复保护及独立成果门槛
ok 116 - P3 认证培养派课：任务与关联原子保存、重复保护及独立成果门槛
  ---
  duration_ms: 94.535729
  type: 'test'
  ...
# Subtest: P2/P3 历史读取一致性：范围撤销与审计降权不混用旧权限和新记录
ok 117 - P2/P3 历史读取一致性：范围撤销与审计降权不混用旧权限和新记录
  ---
  duration_ms: 77.503023
  type: 'test'
  ...
# Subtest: P3 课程阶段：启动冻结、独立核验解锁及全部阶段结项
ok 118 - P3 课程阶段：启动冻结、独立核验解锁及全部阶段结项
  ---
  duration_ms: 117.1718
  type: 'test'
  ...
# Subtest: P3 阶段进度报表：未派发课程仍计入总要求、人员范围与核验口径
ok 119 - P3 阶段进度报表：未派发课程仍计入总要求、人员范围与核验口径
  ---
  duration_ms: 106.797695
  type: 'test'
  ...
# Subtest: P3 阶段批量派课：整批回滚、同修订保存、跳过已派发与独立核验后推进
ok 120 - P3 阶段批量派课：整批回滚、同修订保存、跳过已派发与独立核验后推进
  ---
  duration_ms: 132.412292
  type: 'test'
  ...
# Subtest: P3 合同运营报表：终止与原结束日、续签草稿、作废排除及HR范围
ok 121 - P3 合同运营报表：终止与原结束日、续签草稿、作废排除及HR范围
  ---
  duration_ms: 75.797121
  type: 'test'
  ...
# Subtest: P2/P3 管理报表入口：无岗位权限时不查询领域明细，导出同样拒绝
ok 122 - P2/P3 管理报表入口：无岗位权限时不查询领域明细，导出同样拒绝
  ---
  duration_ms: 55.53402
  type: 'test'
  ...
# Subtest: P3 学习任务恢复：保留考试次数和历史，重新提交，范围与项目状态重新检查
ok 123 - P3 学习任务恢复：保留考试次数和历史，重新提交，范围与项目状态重新检查
  ---
  duration_ms: 199.154746
  type: 'test'
  ...
# Subtest: P3 在职合同登记覆盖：无记录人员、当日边界、草稿与未来登记不充当覆盖
ok 124 - P3 在职合同登记覆盖：无记录人员、当日边界、草稿与未来登记不充当覆盖
  ---
  duration_ms: 86.891828
  type: 'test'
  ...
# Subtest: P3 合同协议类别与期限独立：保留旧数据未知状态，不由期限推断协议类别
ok 125 - P3 合同协议类别与期限独立：保留旧数据未知状态，不由期限推断协议类别
  ---
  duration_ms: 66.695008
  type: 'test'
  ...
# Subtest: P2/P3 附件读取撤权一致性：列表同批校验，文件读取后再次检查修订
ok 126 - P2/P3 附件读取撤权一致性：列表同批校验，文件读取后再次检查修订
  ---
  duration_ms: 46.219971
  type: 'test'
  ...
# Subtest: P2/P3 成员目录撤权一致性：读取授权名单期间管理员降权不返回旧权限下的名单
ok 127 - P2/P3 成员目录撤权一致性：读取授权名单期间管理员降权不返回旧权限下的名单
  ---
  duration_ms: 40.65016
  type: 'test'
  ...
# Subtest: P3 学分到期：授予快照、北京时间当日边界及撤销后不重复扣到期
ok 128 - P3 学分到期：授予快照、北京时间当日边界及撤销后不重复扣到期
  ---
  duration_ms: 57.624157
  type: 'test'
  ...
# Subtest: P3 人员经历：HR范围、本人只读、月份校验及更正作废保留历史
ok 129 - P3 人员经历：HR范围、本人只读、月份校验及更正作废保留历史
  ---
  duration_ms: 113.196217
  type: 'test'
  ...
# Subtest: P3 经历关联人才档案：HR可见有效摘要，普通经理不扩展经历权限
ok 130 - P3 经历关联人才档案：HR可见有效摘要，普通经理不扩展经历权限
  ---
  duration_ms: 52.895965
  type: 'test'
  ...
# Subtest: 多级审批仅终审通过更新组织，不能越级或重复审批
ok 131 - 多级审批仅终审通过更新组织，不能越级或重复审批
  ---
  duration_ms: 26.98967
  type: 'test'
  ...
# Subtest: 驳回与撤回不修改档案，已撤回不能审批
ok 132 - 驳回与撤回不修改档案，已撤回不能审批
  ---
  duration_ms: 6.017639
  type: 'test'
  ...
# Subtest: 修改流程不改变已提交申请的审批人及版本
ok 133 - 修改流程不改变已提交申请的审批人及版本
  ---
  duration_ms: 1.34905
  type: 'test'
  ...
# Subtest: 未配置流程、重复审批人与自审流程被拒绝
ok 134 - 未配置流程、重复审批人与自审流程被拒绝
  ---
  duration_ms: 2.339624
  type: 'test'
  ...
# Subtest: 成员验证禁止自降权、无档案员工授权与已离职关联
ok 135 - 成员验证禁止自降权、无档案员工授权与已离职关联
  ---
  duration_ms: 8.736937
  type: 'test'
  ...
1..135
# tests 135
# suites 0
# pass 135
# fail 0
# cancelled 0
# skipped 0
# todo 0
# duration_ms 22167.636085
