TAP version 13
# Subtest: payroll references only permitted frozen aggregates; amounts and employee masking remain independent
ok 1 - payroll references only permitted frozen aggregates; amounts and employee masking remain independent
  ---
  duration_ms: 187.51548
  type: 'test'
  ...
# Subtest: reopening or refreezing a source blocks submission and approval until an explicit draft refresh
ok 2 - reopening or refreezing a source blocks submission and approval until an explicit draft refresh
  ---
  duration_ms: 132.015983
  type: 'test'
  ...
# Subtest: changed sources block approved publication; changes after publishing flag follow-up without rewriting money
ok 3 - changed sources block approved publication; changes after publishing flag follow-up without rewriting money
  ---
  duration_ms: 247.216626
  type: 'test'
  ...
# Subtest: duplicate, foreign employee and wrong-month references reject; audit failure rolls back the entire slip
ok 4 - duplicate, foreign employee and wrong-month references reject; audit failure rolls back the entire slip
  ---
  duration_ms: 148.174431
  type: 'test'
  ...
1..4
# tests 4
# suites 0
# pass 4
# fail 0
# cancelled 0
# skipped 0
# todo 0
# duration_ms 2758.38479
