✔ scope retains all 48 modules and every task has a unique link and existing module (1.123548ms)
✔ publication and technical delivery never count as acceptance (1.543523ms)
✔ only all criteria with signed evidence count; adding scope changes denominator (1.678397ms)
✔ queue changes immediately affect aggregation without dashboard status edits (0.720008ms)
✔ P3：标准版本、绩效更正、盘点快照、跨组织与本人评价隔离 (566.777533ms)
✔ P3：发展计划—课程—学习成果—独立核验闭环与重复处理保护 (100.186299ms)
✔ P3 附件：受权下载、类型与大小验证、并发清理、删除及数据库失败回滚 (53.309778ms)
✔ P3 附件默认保密：员工和审批人不能列出或下载未开放的人事附件 (25.580745ms)
✔ P3 考试：答案服务端保密、次数限制、自动评分及成果提交门槛 (49.55439ms)
✔ P3 能力差距：同版本比较，缺失与版本不匹配均为未评定 (44.059342ms)
✔ P3 项目化：盘点范围与期间、人才池隔离、培训报名及未结项保护 (58.065337ms)
✔ P3 正式绩效：目标确认、自评、独立评价、发布、盘点使用与结项 (56.361832ms)
✔ P3 招聘入职：独立审批、录用依据、字段权限、人数上限与原子建档 (81.517574ms)
✔ P3 假勤：休息扣除、待批余额占用、撤回释放、独立审批及补卡保留原始记录 (63.950635ms)
✔ P3 打卡：只接受本人及服务端时间、先上班后下班、防重复 (39.677447ms)
✔ P3 薪酬：分级保密、整数金额、编制复核分离、退回重审、发布锁定及历史隔离 (91.707995ms)
✔ P3 薪酬：同期间防重复、本人受益与参与编制不得复核、审计失败原子回滚 (42.164107ms)
✔ P3 报表：人员范围、字段保密、分页、CSV公式防护及导出审计事务 (155.836194ms)
✔ P3 员工自助：仅本人待办、未完成状态及缺少关联员工的空状态 (32.733764ms)
✔ P3 编制：独立审批、版本调整、直接新增和招聘入职共用容量约束 (57.897273ms)
✔ P3 合同：草稿保密、签署证明、续签关联、重叠拒绝、独立终止及档案状态不变 (56.093305ms)
✔ P3 任职资格：标准版本严格匹配、未评定阻断、独立认证与证据快照不改任职 (40.035559ms)
✔ P3 任职资格：HR代办不得自审、跨组织拒绝、停用阻止新申请与撤回 (30.572672ms)
✔ P3 实名问卷：版本快照、名单冻结、本人填报、修改撤回及结项锁定 (59.288596ms)
✔ P3 干部：提名独立审议、真实调动前置、任用核对与本人述职独立核验 (47.93421ms)
✔ P3 培训场次：排期冲突、必修出勤门槛、独立核验、补充记录与学习结项 (56.418698ms)
✔ P3 360：指定评估人、人数阈值、低样本隐藏、冻结后发布及被评人不读取原始答卷 (78.603198ms)
✔ P3 自定义档案：正式值和申请隔离、字段可见范围、独立复核、类型校验与停用 (54.965501ms)
✔ P3 绩效申诉：独立复核、发布分离、原快照保留、最新结果报表和历史隔离 (98.464786ms)
✔ P3 工资异议与补差：正负差额、独立复核、发布保密、原工资不变及反向冲减 (68.47162ms)
✔ P3 薪酬专用角色：编制复核分离、组织范围、核心人事隔离与撤权即时生效 (62.501694ms)
✔ P3 学习学分：课程版本固定、成果核验前置、授予唯一、独立撤销及范围隔离 (52.263866ms)
✔ P3：讲师认证独立复核、组织隔离、课程版本和期限约束、排期快照及撤销 (67.258425ms)
✔ P3 假勤联调：等价时区使用同一业务日与余额年度，取消请假后释放班次 (38.851808ms)
✔ P3 入职融入：模板版本快照、本人办理、独立核验、结项及自助待办 (59.64806ms)
✔ P3 待办工作台：顺序审批轮次、本人隔离、跨组织筛选、分页和办理后消退 (107.190388ms)
✔ P3 扩展待办：薪酬角色保密、绩效环节和招聘独立审批流转 (69.177097ms)
✔ P3 盘点校准：独立复核发布、版本链、原绩效保留、最新报表和越权隔离 (59.656292ms)
✔ P3 档案完整性：分组、状态必填、正式值与待复核隔离、状态变化重新校验 (49.729865ms)
✔ P3 档案复核待办：只向独立HR展示、摘要保密、停用退回与权限撤销 (32.003215ms)
✔ P3 干部人才档案：跨模块证据、最新版本、缺失保留及角色组织隔离 (28.667101ms)
✔ P3 干部待办：提名角色与发起人排除，审议后消退，范围外隐藏 (27.113351ms)
✔ P3 继任覆盖报表：按岗位和在职有效记录统计、跨范围部分可见、关闭与离职剔除 (32.011247ms)
✔ P3 培训申请：独立审批、范围隔离、真实任务前置、核对幂等与审计失败回滚 (56.746142ms)
✔ P3 培训管理报表：任务与学员分母、空完成率、取消排期及北京时间范围 (79.379431ms)
✔ P3 场次取消：待处理出勤不能悬挂，核验未出席保留历史且名册不误报 (36.013177ms)
✔ P3 内部讲师名册：独立入册、目录摘要保密、停用与重提版本及待办 (45.004592ms)
✔ P3 内部讲师名册：本人HR不得复核、审计失败回滚与离职后拒绝入册 (33.704326ms)
✔ P3 讲师试讲：指定评委、互盲评分、独立冻结、最新结果入册门槛与历史隔离 (67.348633ms)
✔ P3 讲师试讲：取消不能绕过门槛、失败重试、截止日及冻结审计回滚 (52.636209ms)
✔ P3 认证报名：范围与本人隔离、停止报名后续办、资格提名试讲入册完整关联 (56.586011ms)
✔ P3 认证报名：时间窗口、跨组织、撤回重报与资格审计失败回滚 (43.855174ms)
✔ P3 认证活动组织层级：下级HR可核对上级活动的本部门报名，不能管理上级活动 (35.26134ms)
✔ P3 认证培养：真实学习任务引用、必修核验前置、本人和组织隔离及入册快照 (64.334465ms)
✔ P3 认证培养：取消任务不算完成、参考任务不阻断、关联移除审计与修订保护 (42.133079ms)
✔ P3 培训带教：关系授权、本人辅导与确认、独立出师及人事权限不扩展 (63.151016ms)
✔ P3 培训带教：账号与组织校验、日期边界、出师回滚及终止保留未确认记录 (49.696174ms)
✔ P3 内部证书：真实完成依据、独立发放、有效期快照、模板版本及本人信息隔离 (46.649838ms)
✔ P3 内部证书：来源状态变更提示、撤销留痕、编号唯一与发放回滚 (54.15158ms)
✔ P3 绩效目标调整：独立复核、双记录同修订、待审门槛与正式评分快照 (53.603552ms)
✔ P2/P3 目标调整事务：第二条写入失败全回滚、过期CAS无旁写及撤权即时生效 (48.244468ms)
✔ P3 目标执行跟进：本人记录、独立反馈、补充留痕及评分隔离 (72.482715ms)
✔ P3 目标执行跟进：旧目标快照、跨范围与撤权、审计回滚及修订冲突 (50.417534ms)
✔ P3 绩效办理报表：可办与历史待反馈区分、发布去重和范围及评分隔离 (51.582766ms)
✔ P3 招聘录用退回：独立复核、版本重提、旧条件锁存和事务回滚 (52.039698ms)
✔ P3 招聘边界：北京时间入职、同时间面试序号及旧冲突意见保守处理 (33.390262ms)
✔ P3 招聘需求修订：退回重提、所有编写者隔离、批准后锁定与旧审批冲突 (56.572826ms)
✔ P3 招聘需求报表：候选当前阶段去重、退回重提、剩余名额和范围隔离 (52.228032ms)
✔ P3 补卡版本与撤回：独立核验、原记录保留、最新版本和回滚 (48.836425ms)
✔ P3 补卡历史冲突：同时间不同事实不猜测、等价时区与新版本消除歧义 (22.554479ms)
✔ P3 假期余额口径：不计余额假种不出现负额度且不得登记无意义余额 (34.53996ms)
✔ P3 假期分钟精度：拒绝秒级分段与小数休息，合法分钟分段不重复扣取 (33.639719ms)
✔ P2/P3 北京时间业务日：跨年评估、发展与学习截止日和日期合法性 (23.038671ms)
✔ P2/P3 薪酬独立复核：移除作者、移除人及历史提交者不可绕过角色隔离 (77.056259ms)
✔ P3 薪酬报表：发布边界、整数补差冲减、专岗范围和导出审计 (58.739877ms)
✔ P3 薪酬报表：取消明细和批次不进入正式对账、期间查询与分页一致 (31.49069ms)
✔ P3 自助绩效待办：目标调整阻塞与申请可见、退回跟进版本及任务导航 (39.955668ms)
✔ P3 认证培养派课：任务与关联原子保存、重复保护及独立成果门槛 (52.91555ms)
✔ P2/P3 历史读取一致性：范围撤销与审计降权不混用旧权限和新记录 (37.413905ms)
✔ P3 课程阶段：启动冻结、独立核验解锁及全部阶段结项 (52.571631ms)
✔ P3 阶段进度报表：未派发课程仍计入总要求、人员范围与核验口径 (44.110059ms)
✔ P3 阶段批量派课：整批回滚、同修订保存、跳过已派发与独立核验后推进 (55.976119ms)
✔ P3 合同运营报表：终止与原结束日、续签草稿、作废排除及HR范围 (55.508842ms)
✔ P2/P3 管理报表入口：无岗位权限时不查询领域明细，导出同样拒绝 (22.266314ms)
✔ P3 学习任务恢复：保留考试次数和历史，重新提交，范围与项目状态重新检查 (60.054805ms)
✔ P3 在职合同登记覆盖：无记录人员、当日边界、草稿与未来登记不充当覆盖 (42.727628ms)
✔ P3 合同协议类别与期限独立：保留旧数据未知状态，不由期限推断协议类别 (30.857733ms)
✔ P2/P3 附件读取撤权一致性：列表同批校验，文件读取后再次检查修订 (21.354916ms)
✔ P2/P3 成员目录撤权一致性：读取授权名单期间管理员降权不返回旧权限下的名单 (19.173407ms)
✔ P3 学分到期：授予快照、北京时间当日边界及撤销后不重复扣到期 (26.440575ms)
✔ P3 人员经历：HR范围、本人只读、月份校验及更正作废保留历史 (54.218301ms)
✔ P3 经历关联人才档案：HR可见有效摘要，普通经理不扩展经历权限 (27.263349ms)
✔ report reads and exports use current organization scope and revoked account cannot export (68.056052ms)
✔ exited employee keeps survey history but has no actionable survey or feedback tasks (111.117825ms)
ℹ tests 94
ℹ suites 0
ℹ pass 94
ℹ fail 0
ℹ cancelled 0
ℹ skipped 0
ℹ todo 0
ℹ duration_ms 5919.602598
