TAP version 13
# Subtest: fixed shifts freeze assigned version, support next-day rest, and archived draft recovery never reuses version numbers
ok 1 - fixed shifts freeze assigned version, support next-day rest, and archived draft recovery never reuses version numbers
  ---
  duration_ms: 125.722798
  type: 'test'
  ...
# Subtest: assignment is all-or-nothing for duplicates, cross-org, departed staff and unavailable audit
ok 2 - assignment is all-or-nothing for duplicates, cross-org, departed staff and unavailable audit
  ---
  duration_ms: 120.415334
  type: 'test'
  ...
# Subtest: scoped managers assign but cannot maintain definitions; employee and out-of-scope HR cannot read or write
ok 3 - scoped managers assign but cannot maintain definitions; employee and out-of-scope HR cannot read or write
  ---
  duration_ms: 117.453172
  type: 'test'
  ...
# Subtest: one frozen date rejects all assignments without leaving the earlier valid date persisted
ok 4 - one frozen date rejects all assignments without leaving the earlier valid date persisted
  ---
  duration_ms: 209.270364
  type: 'test'
  ...
1..4
# tests 4
# suites 0
# pass 4
# fail 0
# cancelled 0
# skipped 0
# todo 0
# duration_ms 2845.7996
